PsiJetFileStubImpl[package=]
  PACKAGE_DIRECTIVE:
  CLASS:[fqName=A, isEnumEntry=false, isLocal=false, isTopLevel=true, isTrait=false, name=A, superNames=[]]
  CLASS:[fqName=T, isEnumEntry=false, isLocal=false, isTopLevel=true, isTrait=true, name=T, superNames=[]]
  PROPERTY:[fqName=obj, hasDelegate=false, hasDelegateExpression=false, hasInitializer=true, hasReceiverTypeRef=false, hasReturnTypeRef=false, isTopLevel=true, isVar=false, name=obj]
    OBJECT_DECLARATION:[fqName=null, isClassObject=false, isLocal=true, isObjectLiteral=true, isTopLevel=false, name=null, superNames=[A, T]]
