PsiJetFileStubImpl[package=]
  OBJECT_DECLARATION:PsiJetObjectStubImpl[top name=null fqName=null superNames=[]]
    CLASS_BODY:PsiJetClassBodyStubImpl
      FUN:PsiJetFunctionStubImpl[name=testing]
        VALUE_PARAMETER_LIST:PsiJetParameterListStubImpl
