PsiJetFileStubImpl[package=]
  PACKAGE_DIRECTIVE:
  CLASS:[fqName=A, isEnumEntry=false, isLocal=false, isTopLevel=true, isTrait=false, name=A, superNames=[]]
  CLASS:[fqName=T, isEnumEntry=false, isLocal=false, isTopLevel=true, isTrait=true, name=T, superNames=[]]
  FUN:[fqName=foo, hasBlockBody=true, hasBody=true, hasTypeParameterListBeforeFunctionName=false, isExtension=false, isTopLevel=true, name=foo]
    VALUE_PARAMETER_LIST:
    OBJECT_DECLARATION:[fqName=null, isClassObject=false, isLocal=true, isObjectLiteral=false, isTopLevel=false, name=O, superNames=[A, T]]
