LineBreakpoint created at frameThis0This0.kt:16
!JDK_HOME!\bin\java -agentlib:jdwp=transport=dt_socket,address=!HOST_NAME!:!HOST_PORT!,suspend=y,server=n -Dfile.encoding=!FILE_ENCODING! -classpath !APP_PATH!\classes;!KOTLIN_RUNTIME!;!RT_JAR! frameThis0This0.FrameThis0This0Package
Connected to the target VM, address: '!HOST_NAME!:PORT_NAME!', transport: 'socket'
frameThis0This0.kt:15
package frameThis0This0

fun main(args: Array<String>) {
    A().test()
}

class A {
    val prop1 = 1

    fun test() {
        val val1 = 1
        foo {
            val val2 = 1
            foo {
                //Breakpoint!
                prop1 + val1 + val2
            }
        }
    }
}

fun foo(f: () -> Unit) {
    f()
}

// PRINT_FRAME
 frame    = invoke():16, A$test$1$1 {frameThis0This0}
   this     = this = {frameThis0This0.A$test$1$1@uniqueID}kotlin.Function0<kotlin.Unit>
     field    = this$0: frameThis0This0.A$test$1 = {frameThis0This0.A$test$1@uniqueID}kotlin.Function0<kotlin.Unit>
       field    = this$0: frameThis0This0.A = {frameThis0This0.A@uniqueID}
         field    = prop1: int = 1
       field    = $val1: int = 1
     field    = $val2: int = 1
Disconnected from the target VM, address: '!HOST_NAME!:PORT_NAME!', transport: 'socket'

Process finished with exit code 0
